mode: set
sprint3-library-cli/internal/library/service.go:13.76,18.2 1 1
sprint3-library-cli/internal/library/service.go:20.55,22.16 2 1
sprint3-library-cli/internal/library/service.go:22.16,25.3 2 0
sprint3-library-cli/internal/library/service.go:27.2,27.17 1 1
sprint3-library-cli/internal/library/service.go:27.17,30.3 2 1
sprint3-library-cli/internal/library/service.go:32.2,32.18 1 1
sprint3-library-cli/internal/library/service.go:32.18,35.3 2 1
sprint3-library-cli/internal/library/service.go:37.2,38.29 2 1
sprint3-library-cli/internal/library/service.go:38.29,39.22 1 0
sprint3-library-cli/internal/library/service.go:39.22,41.4 1 0
sprint3-library-cli/internal/library/service.go:44.2,54.16 4 1
sprint3-library-cli/internal/library/service.go:54.16,57.3 2 0
sprint3-library-cli/internal/library/service.go:59.2,59.12 1 1
sprint3-library-cli/internal/library/service.go:62.47,64.16 2 0
sprint3-library-cli/internal/library/service.go:64.16,67.3 2 0
sprint3-library-cli/internal/library/service.go:69.2,69.19 1 0
sprint3-library-cli/internal/library/service.go:72.61,74.16 2 1
sprint3-library-cli/internal/library/service.go:74.16,77.3 2 0
sprint3-library-cli/internal/library/service.go:79.2,79.20 1 1
sprint3-library-cli/internal/library/service.go:79.20,82.3 2 0
sprint3-library-cli/internal/library/service.go:84.2,85.16 2 1
sprint3-library-cli/internal/library/service.go:85.16,88.3 2 0
sprint3-library-cli/internal/library/service.go:90.2,91.23 2 1
sprint3-library-cli/internal/library/service.go:91.23,92.24 1 1
sprint3-library-cli/internal/library/service.go:92.24,94.9 2 1
sprint3-library-cli/internal/library/service.go:97.2,97.17 1 1
sprint3-library-cli/internal/library/service.go:97.17,100.3 2 1
sprint3-library-cli/internal/library/service.go:102.2,102.21 1 1
sprint3-library-cli/internal/library/service.go:102.21,105.3 2 1
sprint3-library-cli/internal/library/service.go:107.2,110.16 3 1
sprint3-library-cli/internal/library/service.go:110.16,113.3 2 0
sprint3-library-cli/internal/library/service.go:115.2,116.29 2 1
sprint3-library-cli/internal/library/service.go:116.29,117.26 1 0
sprint3-library-cli/internal/library/service.go:117.26,119.4 1 0
sprint3-library-cli/internal/library/service.go:122.2,132.16 9 1
sprint3-library-cli/internal/library/service.go:132.16,135.3 2 0
sprint3-library-cli/internal/library/service.go:137.2,137.12 1 1
sprint3-library-cli/internal/library/service.go:140.44,142.16 2 1
sprint3-library-cli/internal/library/service.go:142.16,145.3 2 0
sprint3-library-cli/internal/library/service.go:147.2,148.23 2 1
sprint3-library-cli/internal/library/service.go:148.23,149.24 1 1
sprint3-library-cli/internal/library/service.go:149.24,151.9 2 1
sprint3-library-cli/internal/library/service.go:155.2,155.17 1 1
sprint3-library-cli/internal/library/service.go:155.17,158.3 2 1
sprint3-library-cli/internal/library/service.go:160.2,160.28 1 1
sprint3-library-cli/internal/library/service.go:160.28,163.3 2 1
sprint3-library-cli/internal/library/service.go:165.2,166.16 2 1
sprint3-library-cli/internal/library/service.go:166.16,169.3 2 0
sprint3-library-cli/internal/library/service.go:171.2,172.23 2 1
sprint3-library-cli/internal/library/service.go:172.23,173.33 1 1
sprint3-library-cli/internal/library/service.go:173.33,175.9 2 1
sprint3-library-cli/internal/library/service.go:179.2,179.17 1 1
sprint3-library-cli/internal/library/service.go:179.17,182.3 2 0
sprint3-library-cli/internal/library/service.go:184.2,187.16 3 1
sprint3-library-cli/internal/library/service.go:187.16,190.3 2 0
sprint3-library-cli/internal/library/service.go:192.2,196.16 4 1
sprint3-library-cli/internal/library/service.go:196.16,199.3 2 0
sprint3-library-cli/internal/library/service.go:201.2,201.12 1 1
sprint3-library-cli/internal/library/service.go:204.53,206.16 2 1
sprint3-library-cli/internal/library/service.go:206.16,209.3 2 0
sprint3-library-cli/internal/library/service.go:211.2,212.29 2 1
sprint3-library-cli/internal/library/service.go:212.29,213.29 1 1
sprint3-library-cli/internal/library/service.go:213.29,215.4 1 1
sprint3-library-cli/internal/library/service.go:218.2,218.27 1 1
sprint3-library-cli/internal/library/service.go:218.27,221.3 2 0
sprint3-library-cli/internal/library/service.go:223.2,223.25 1 1
sprint3-library-cli/internal/library/storage.go:28.46,30.16 2 0
sprint3-library-cli/internal/library/storage.go:30.16,33.3 2 0
sprint3-library-cli/internal/library/storage.go:35.2,38.61 3 0
sprint3-library-cli/internal/library/storage.go:38.61,41.3 2 0
sprint3-library-cli/internal/library/storage.go:42.2,42.19 1 0
sprint3-library-cli/internal/library/storage.go:46.48,48.16 2 0
sprint3-library-cli/internal/library/storage.go:48.16,51.3 2 0
sprint3-library-cli/internal/library/storage.go:53.2,54.16 2 0
sprint3-library-cli/internal/library/storage.go:54.16,57.3 2 0
sprint3-library-cli/internal/library/storage.go:59.2,59.12 1 0
sprint3-library-cli/internal/library/storage.go:63.46,65.16 2 0
sprint3-library-cli/internal/library/storage.go:65.16,68.3 2 0
sprint3-library-cli/internal/library/storage.go:70.2,73.61 3 0
sprint3-library-cli/internal/library/storage.go:73.61,76.3 2 0
sprint3-library-cli/internal/library/storage.go:77.2,77.19 1 0
sprint3-library-cli/internal/library/storage.go:81.48,83.16 2 0
sprint3-library-cli/internal/library/storage.go:83.16,86.3 2 0
sprint3-library-cli/internal/library/storage.go:88.2,89.16 2 0
sprint3-library-cli/internal/library/storage.go:89.16,92.3 2 0
sprint3-library-cli/internal/library/storage.go:94.2,94.12 1 0
sprint3-library-cli/internal/library/storage.go:97.46,99.2 1 0
sprint3-library-cli/internal/library/storage.go:101.46,103.2 1 0
